files/66.csv
id,week,center_id,meal_id,checkout_price,base_price,emailer_for_promotion,homepage_featured,num_orders
1380494,1,66,1971,258.02,289.06,1,0,986
1335488,2,66,1971,258.99,291.06,1,0,324
1366934,3,66,1971,290.06,290.06,0,0,150
1360582,4,66,1971,291.06,289.06,0,0,312
1182793,5,66,1971,291.06,290.06,0,0,189
1029441,6,66,1971,291.06,289.06,0,0,204
1107991,7,66,1971,289.06,290.06,0,0,161
1356289,8,66,1971,289.06,291.06,0,0,121
1390983,9,66,1971,291.06,290.06,0,0,325
1009787,10,66,1971,243.53,289.06,1,1,1918
1095042,11,66,1971,242.53,291.06,1,1,1121
1478104,12,66,1971,242.53,291.06,0,0,310
1045694,13,66,1971,230.86,290.06,0,0,202
1499124,14,66,1971,290.06,289.06,0,0,204
1483791,15,66,1971,289.06,290.06,0,0,163
1242206,16,66,1971,290.06,289.06,0,0,189
1408583,17,66,1971,289.06,289.06,0,0,285
1284300,18,66,1971,291.06,289.06,0,0,296
1042823,19,66,1971,289.06,290.06,0,0,311
1153997,20,66,1971,291.06,289.06,0,0,419
1009427,21,66,1971,291.06,289.06,0,0,459
1210823,22,66,1971,244.5,291.06,1,1,1041
1326577,23,66,1971,243.5,291.06,1,1,1201
1029738,24,66,1971,289.06,291.06,0,0,513
1007435,25,66,1971,290.06,289.06,0,0,285
1203678,26,66,1971,291.06,290.06,0,0,350
1057796,27,66,1971,289.06,291.06,0,0,285
1290520,28,66,1971,290.06,291.06,0,0,175
1076496,29,66,1971,290.06,291.06,0,0,243
1204013,30,66,1971,291.06,290.06,0,0,271
1135826,31,66,1971,289.06,290.06,0,0,271
1170235,32,66,1971,244.5,291.06,1,1,2214
1426717,33,66,1971,291.06,289.06,0,0,364
1288960,34,66,1971,291.06,290.06,0,0,312
1193238,35,66,1971,291.06,290.06,0,0,298
1276032,36,66,1971,291.06,291.06,0,0,366
1428078,37,66,1971,291.06,290.06,0,0,419
1200903,38,66,1971,289.06,290.06,0,0,339
1349542,39,66,1971,289.06,291.06,0,0,499
1141255,40,66,1971,289.06,291.06,0,0,311
1296939,41,66,1971,291.06,291.06,0,0,350
1085773,42,66,1971,291.06,290.06,0,0,350
1215950,43,66,1971,290.06,290.06,0,0,270
1450343,44,66,1971,290.06,291.06,0,0,296
1401563,45,66,1971,291.06,290.06,0,0,325
1265538,46,66,1971,245.47,289.06,1,0,445
1091927,47,66,1971,244.5,289.06,1,0,500
1177854,48,66,1971,179.51,290.06,1,0,3565
1266563,49,66,1971,244.47,291.06,0,1,1619
1433822,50,66,1971,243.47,289.06,0,0,1121
1053185,51,66,1971,221.16,290.06,1,0,675
1173498,52,66,1971,286.18,285.18,0,0,527
1233016,53,66,1971,290.06,290.06,0,0,540
1115850,54,66,1971,290.06,290.06,0,0,474
1190386,55,66,1971,289.06,290.06,0,0,379
1155789,56,66,1971,281.3,283.3,0,0,689
1288413,57,66,1971,289.06,291.06,0,0,485
1009446,58,66,1971,289.06,291.06,0,0,352
1438260,59,66,1971,289.06,291.06,0,0,716
1191660,60,66,1971,243.5,291.06,0,0,3322
1351037,61,66,1971,288.15,288.15,0,0,487
1039773,62,66,1971,290.06,289.06,0,0,230
1143248,63,66,1971,291.06,290.06,0,0,377
1064999,64,66,1971,290.06,290.06,0,0,378
1033609,65,66,1971,290.06,291.06,0,0,365
1227216,66,66,1971,289.06,289.06,0,0,323
1066578,67,66,1971,290.06,289.06,0,0,366
1343498,68,66,1971,193.09,290.06,1,1,1660
1388887,69,66,1971,193.06,289.06,0,1,1458
1195430,70,66,1971,194.06,291.06,1,0,1674
1175282,71,66,1971,192.09,291.06,1,0,1540
1345927,72,66,1971,291.06,290.06,0,0,406
1085980,73,66,1971,290.06,289.06,0,0,377
1444944,74,66,1971,291.06,290.06,1,0,567
1314011,75,66,1971,246.38,289.06,0,0,528
1313577,76,66,1971,245.47,291.06,0,0,526
1018377,77,66,1971,290.06,291.06,0,0,216
1025200,78,66,1971,289.06,289.06,0,0,229
1499585,79,66,1971,291.06,290.06,0,0,243
1023257,80,66,1971,290.06,291.06,0,0,298
1148045,81,66,1971,291.06,290.06,0,0,242
1287050,82,66,1971,289.06,291.06,0,0,217
1014890,83,66,1971,289.06,291.06,0,0,269
1432288,84,66,1971,289.06,289.06,0,0,311
1377911,85,66,1971,290.06,291.06,0,0,364
1292824,86,66,1971,289.06,289.06,0,0,256
1490382,87,66,1971,290.06,289.06,0,0,148
1278079,88,66,1971,291.06,290.06,0,0,256
1447276,89,66,1971,291.06,291.06,0,0,217
1437887,90,66,1971,289.06,289.06,0,0,298
1089673,91,66,1971,291.06,289.06,0,0,620
1386935,92,66,1971,195.03,291.06,1,1,1405
1211265,93,66,1971,196,289.06,1,1,1390
1299297,94,66,1971,290.06,289.06,0,0,365
1277928,95,66,1971,290.06,289.06,0,0,339
1285834,96,66,1971,291.06,290.06,0,0,269
1413315,97,66,1971,289.06,290.06,0,0,271
1467188,98,66,1971,289.06,290.06,0,0,325
1059314,99,66,1971,291.06,289.06,0,0,296
1327545,100,66,1971,289.06,290.06,0,0,285
1193735,101,66,1971,290.06,291.06,0,0,311
1099683,102,66,1971,290.06,289.06,0,0,269
1394121,103,66,1971,290.06,290.06,0,0,285
1124222,104,66,1971,291.06,290.06,0,0,406
1470127,105,66,1971,291.06,290.06,0,1,892
1186118,106,66,1971,289.06,291.06,0,0,337
1297376,107,66,1971,291.06,290.06,0,0,298
1130325,108,66,1971,242.53,291.06,1,0,1349
1117731,109,66,1971,242.53,290.06,1,1,1417
1111361,110,66,1971,289.06,291.06,0,0,418
1136633,111,66,1971,291.06,290.06,0,0,391
1130854,112,66,1971,291.06,290.06,0,0,405
1132074,113,66,1971,290.06,291.06,0,0,582
1170972,114,66,1971,290.06,289.06,0,0,404
1330571,115,66,1971,290.06,289.06,0,0,501
1263729,116,66,1971,262.93,289.06,1,1,3268
1046976,117,66,1971,285.21,286.21,0,0,364
1166487,118,66,1971,290.06,291.06,0,0,284
1012041,119,66,1971,291.06,289.06,0,0,337
1128257,120,66,1971,291.06,290.06,0,0,310
1196489,121,66,1971,194,289.06,1,1,1430
1415768,122,66,1971,194.06,291.06,0,1,958
1272604,123,66,1971,193.06,291.06,1,1,1188
1234169,124,66,1971,192.06,289.06,1,1,1689
1008035,125,66,1971,290.06,290.06,0,0,323
1242078,126,66,1971,290.06,291.06,0,0,298
1448909,127,66,1971,289.06,289.06,0,0,297
1193232,128,66,1971,256.14,291.06,0,0,487
1419198,129,66,1971,246.38,291.06,0,0,215
1480650,130,66,1971,289.06,291.06,0,0,231
1327264,131,66,1971,289.06,290.06,0,0,285
1360475,132,66,1971,194.03,289.06,1,0,877
1163176,133,66,1971,196.97,290.06,1,1,743
1372197,134,66,1971,282.3,282.3,0,0,350
1408713,135,66,1971,291.06,290.06,0,0,325
1221235,136,66,1971,290.06,290.06,0,0,283
1141875,137,66,1971,289.06,290.06,0,0,216
1045931,138,66,1971,289.06,291.06,0,0,188
1155950,139,66,1971,290.06,290.06,0,0,270
1171287,140,66,1971,289.06,291.06,0,0,339
1396048,141,66,1971,291.06,289.06,0,0,418
1163459,142,66,1971,285.24,283.24,0,0,366
1049382,143,66,1971,286.21,285.21,0,0,432
1392364,144,66,1971,291.06,289.06,0,0,298
1258853,145,66,1971,291.06,289.06,0,0,339
1408680,1,66,1902,485.03,484.03,0,0,42
1301535,2,66,1902,484.03,485.03,0,0,54
1464043,3,66,1902,484.03,486.03,0,0,26
1256329,4,66,1902,486.03,484.03,0,0,27
1069662,5,66,1902,485.03,485.03,0,0,15
1296017,6,66,1902,484.03,484.03,0,0,42
1385582,7,66,1902,486.03,486.03,0,0,28
1219043,9,66,1902,486.03,484.03,0,0,26
1426579,10,66,1902,486.03,485.03,0,0,42
1388104,11,66,1902,486.03,484.03,0,0,26
1342103,12,66,1902,485.03,486.03,0,0,13
1314680,13,66,1902,485.03,484.03,0,0,15
1320931,14,66,1902,476.33,474.33,0,0,40
1339574,15,66,1902,456.93,455.93,0,0,26
1002350,17,66,1902,454.93,456.93,0,0,28
1327194,18,66,1902,485.03,484.03,0,0,13
1198017,19,66,1902,486.03,484.03,0,0,14
1402293,20,66,1902,485.03,484.03,0,0,15
1400423,21,66,1902,486.03,486.03,0,0,14
1411151,22,66,1902,485.03,485.03,0,0,13
1377227,23,66,1902,484.03,485.03,0,0,54
1134625,24,66,1902,486.03,484.03,0,0,13
1349989,25,66,1902,485.03,485.03,0,0,26
1138570,26,66,1902,486.03,484.03,0,0,26
1014464,28,66,1902,485.03,484.03,0,0,13
1370010,30,66,1902,486.03,486.03,0,0,27
1198401,31,66,1902,486.03,484.03,0,0,41
1205189,32,66,1902,484.03,485.03,0,0,27
1474043,33,66,1902,485.03,485.03,0,0,15
1009219,35,66,1902,485.03,484.03,0,0,14
1233443,36,66,1902,484.03,486.03,0,0,13
1445740,37,66,1902,486.03,486.03,0,0,28
1204829,38,66,1902,484.03,485.03,0,0,67
1116046,39,66,1902,486.03,484.03,0,0,40
1406917,40,66,1902,485.03,484.03,0,0,13
1364470,42,66,1902,484.03,485.03,0,0,27
1130074,43,66,1902,486.03,485.03,0,0,26
1085665,44,66,1902,485.03,486.03,0,0,69
1428617,46,66,1902,485.03,484.03,0,0,28
1285245,48,66,1902,484.03,486.03,0,0,40
1308598,49,66,1902,485.03,485.03,0,0,67
1478685,50,66,1902,484.03,484.03,0,0,26
1046030,51,66,1902,485.03,486.03,0,0,15
1121864,52,66,1902,389.03,484.03,0,0,14
1260137,53,66,1902,389.03,484.03,0,0,26
1322307,54,66,1902,421.04,486.03,0,0,40
1363352,56,66,1902,388.03,485.03,0,0,27
1047633,57,66,1902,484.03,486.03,0,0,14
1271031,58,66,1902,484.03,485.03,0,0,14
1336587,60,66,1902,447.23,447.23,0,0,15
1118638,61,66,1902,445.23,446.23,0,0,13
1012787,63,66,1902,447.23,447.23,0,0,42
1401472,64,66,1902,447.23,445.23,0,0,42
1292533,65,66,1902,446.23,447.23,0,0,41
1371171,66,66,1902,446.23,445.23,0,0,14
1254096,67,66,1902,432.68,431.68,0,0,26
1262578,68,66,1902,418.13,416.13,0,0,27
1347439,69,66,1902,417.13,418.13,0,0,28
1299829,70,66,1902,418.13,416.13,0,0,15
1384807,71,66,1902,417.13,417.13,0,0,40
1045735,72,66,1902,446.23,445.23,0,0,14
1410971,73,66,1902,446.23,445.23,0,0,28
1332426,74,66,1902,447.23,445.23,0,0,28
1083043,75,66,1902,447.23,445.23,0,0,54
1410220,77,66,1902,445.23,447.23,0,0,41
1481898,78,66,1902,446.23,447.23,0,0,53
1489636,79,66,1902,445.23,446.23,0,0,40
1072180,80,66,1902,446.23,446.23,0,0,14
1269394,84,66,1902,447.23,447.23,0,0,40
1293651,85,66,1902,447.23,446.23,0,0,26
1279375,86,66,1902,447.23,445.23,0,0,13
1297573,87,66,1902,445.23,446.23,0,0,15
1033787,88,66,1902,446.23,447.23,0,0,13
1255088,89,66,1902,446.23,445.23,0,0,14
1190528,90,66,1902,446.23,446.23,0,0,15
1153264,91,66,1902,445.23,445.23,0,0,26
1468529,92,66,1902,447.23,446.23,0,0,13
1339081,93,66,1902,445.23,446.23,0,0,15
1129219,98,66,1902,445.23,446.23,0,0,28
1219931,99,66,1902,445.23,446.23,0,0,53
1449380,101,66,1902,445.23,446.23,0,0,28
1440038,103,66,1902,446.23,446.23,0,0,55
1370928,104,66,1902,425.83,425.83,0,0,40
1426143,105,66,1902,389.03,387.03,0,0,28
1237921,106,66,1902,387.03,388.03,0,0,41
1488132,107,66,1902,387.03,388.03,0,0,42
1447041,109,66,1902,445.23,446.23,0,0,94
1337737,111,66,1902,446.23,445.23,0,0,28
1334946,112,66,1902,445.23,447.23,0,0,14
1279760,113,66,1902,447.23,445.23,0,0,13
1034185,114,66,1902,447.23,445.23,0,0,13
1033356,115,66,1902,446.23,446.23,0,0,42
1344284,116,66,1902,445.23,445.23,0,0,14
1364236,118,66,1902,447.23,445.23,0,0,26
1361220,119,66,1902,447.23,447.23,0,0,41
1470315,122,66,1902,387.03,447.23,0,0,27
1217694,123,66,1902,445.23,445.23,0,0,14
1420110,124,66,1902,447.23,445.23,0,0,28
1257943,126,66,1902,446.23,446.23,0,0,15
1488498,128,66,1902,445.23,446.23,0,0,13
1026751,130,66,1902,445.23,447.23,0,0,26
1470283,131,66,1902,446.23,446.23,0,0,26
1414044,132,66,1902,447.23,447.23,0,0,13
1254056,135,66,1902,445.23,445.23,0,0,15
1200984,136,66,1902,389.03,445.23,0,0,26
1423817,139,66,1902,387.03,445.23,0,0,81
1305795,140,66,1902,387.03,447.23,0,0,41
1226831,141,66,1902,447.23,445.23,0,0,15
1419038,142,66,1902,446.23,447.23,0,0,26
1096010,143,66,1902,445.23,446.23,0,0,26
1133472,1,66,1247,484.03,486.03,0,0,28
1064071,2,66,1247,486.03,484.03,0,0,69
1484824,3,66,1247,485.03,486.03,0,0,67
1341705,4,66,1247,485.03,486.03,0,0,26
1292267,5,66,1247,485.03,486.03,0,0,13
1443765,6,66,1247,484.03,486.03,0,0,41
1136426,7,66,1247,486.03,485.03,0,0,15
1079371,8,66,1247,485.03,485.03,0,0,28
1457173,9,66,1247,486.03,484.03,0,0,54
1424841,10,66,1247,486.03,486.03,0,0,15
1109057,11,66,1247,486.03,484.03,0,0,14
1107910,12,66,1247,486.03,486.03,0,0,42
1052920,13,66,1247,485.03,484.03,0,0,28
1158416,14,66,1247,464.63,465.63,0,0,40
1390775,15,66,1247,456.93,454.93,0,0,53
1248204,16,66,1247,456.93,456.93,0,0,26
1417111,17,66,1247,456.93,456.93,0,0,67
1212096,18,66,1247,486.03,484.03,0,0,28
1302511,19,66,1247,484.03,485.03,0,0,42
1417402,20,66,1247,486.03,484.03,0,0,13
1341303,21,66,1247,486.03,486.03,0,0,28
1147482,22,66,1247,485.03,485.03,0,0,81
1433424,23,66,1247,485.03,484.03,0,0,13
1187813,24,66,1247,485.03,485.03,0,0,26
1093193,25,66,1247,484.03,486.03,0,0,40
1427972,26,66,1247,484.03,484.03,0,0,13
1010178,27,66,1247,485.03,485.03,0,0,55
1202820,28,66,1247,485.03,485.03,0,0,28
1234731,29,66,1247,486.03,486.03,0,0,40
1290007,32,66,1247,484.03,486.03,0,0,40
1328703,33,66,1247,484.03,486.03,0,0,27
1400386,34,66,1247,486.03,485.03,0,0,26
1009648,35,66,1247,484.03,484.03,0,0,53
1222071,36,66,1247,484.03,484.03,0,0,28
1020418,37,66,1247,485.03,485.03,0,0,26
1138116,41,66,1247,486.03,484.03,0,0,14
1302349,42,66,1247,484.03,484.03,0,0,28
1259388,43,66,1247,486.03,486.03,0,0,80
1467985,44,66,1247,485.03,484.03,0,0,27
1323589,45,66,1247,484.03,484.03,0,0,27
1374576,46,66,1247,486.03,486.03,0,0,13
1262212,47,66,1247,485.03,485.03,0,0,14
1395942,48,66,1247,486.03,485.03,0,0,54
1022473,49,66,1247,485.03,484.03,0,0,40
1074584,50,66,1247,485.03,486.03,0,0,41
1330030,52,66,1247,387.03,485.03,0,0,28
1126908,53,66,1247,388.03,486.03,0,0,81
1249495,54,66,1247,388.03,485.03,0,0,67
1306302,55,66,1247,388.03,485.03,0,0,67
1238028,56,66,1247,387.03,486.03,0,0,55
1164843,57,66,1247,485.03,486.03,0,0,27
1252134,58,66,1247,486.03,485.03,0,0,55
1432569,59,66,1247,484.03,484.03,0,0,40
1048545,61,66,1247,445.23,447.23,0,0,15
1388505,62,66,1247,447.23,445.23,0,0,15
1187641,63,66,1247,447.23,447.23,0,0,42
1119170,64,66,1247,447.23,445.23,0,0,27
1022921,65,66,1247,446.23,445.23,0,0,15
1259080,66,66,1247,446.23,446.23,0,0,26
1041573,67,66,1247,441.41,440.41,0,0,67
1228556,68,66,1247,416.13,417.13,0,0,26
1168094,69,66,1247,418.13,417.13,0,0,13
1369664,70,66,1247,417.13,418.13,0,0,68
1289824,71,66,1247,417.13,417.13,0,0,53
1258238,73,66,1247,445.23,445.23,0,0,13
1201327,75,66,1247,446.23,445.23,0,0,26
1381590,76,66,1247,446.23,446.23,0,0,28
1382104,77,66,1247,445.23,446.23,0,0,69
1047913,78,66,1247,445.23,445.23,0,0,26
1306155,79,66,1247,445.23,446.23,0,0,40
1056849,80,66,1247,447.23,445.23,0,0,27
1207420,81,66,1247,447.23,446.23,0,0,26
1199110,83,66,1247,445.23,447.23,0,0,40
1132736,84,66,1247,446.23,447.23,0,0,68
1060307,85,66,1247,446.23,446.23,0,0,27
1012344,86,66,1247,445.23,446.23,0,0,40
1379351,87,66,1247,446.23,446.23,0,0,42
1256939,88,66,1247,447.23,446.23,0,0,26
1387379,89,66,1247,446.23,447.23,0,0,54
1077924,92,66,1247,447.23,445.23,0,0,55
1166930,93,66,1247,446.23,447.23,0,0,27
1462356,94,66,1247,447.23,446.23,0,0,26
1131295,95,66,1247,447.23,446.23,0,0,27
1350762,96,66,1247,446.23,445.23,0,0,14
1075092,97,66,1247,446.23,446.23,0,0,40
1012469,99,66,1247,445.23,445.23,0,0,26
1253861,100,66,1247,446.23,447.23,0,0,41
1143661,101,66,1247,446.23,447.23,0,0,26
1341822,102,66,1247,446.23,447.23,0,0,13
1037646,103,66,1247,446.23,445.23,0,0,27
1342518,104,66,1247,398.67,447.23,0,0,68
1282569,105,66,1247,387.03,447.23,0,0,69
1382783,106,66,1247,388.03,445.23,0,0,27
1446157,107,66,1247,389.03,445.23,0,0,26
1470483,108,66,1247,406.43,406.43,0,0,41
1294768,109,66,1247,445.23,445.23,0,0,27
1284662,110,66,1247,447.23,446.23,0,0,27
1170718,112,66,1247,447.23,445.23,0,0,28
1069155,113,66,1247,445.23,447.23,0,0,27
1206169,114,66,1247,446.23,447.23,0,0,14
1263361,115,66,1247,446.23,447.23,0,0,28
1193091,116,66,1247,447.23,447.23,0,0,42
1487595,117,66,1247,446.23,446.23,0,0,95
1228771,118,66,1247,447.23,446.23,0,0,40
1194728,119,66,1247,417.13,418.13,0,0,54
1040510,120,66,1247,389.03,387.03,0,0,14
1305729,121,66,1247,388.03,387.03,0,0,42
1499696,122,66,1247,388.03,387.03,0,0,14
1487883,123,66,1247,422.95,422.95,0,0,69
1146602,125,66,1247,445.23,445.23,0,0,15
1222565,126,66,1247,447.23,445.23,0,0,26
1423815,127,66,1247,447.23,445.23,0,0,14
1366841,128,66,1247,445.23,445.23,0,0,55
1153303,129,66,1247,447.23,447.23,0,0,15
1214439,130,66,1247,447.23,445.23,0,0,67
1366422,131,66,1247,446.23,447.23,0,0,67
1124360,133,66,1247,446.23,445.23,0,0,27
1129494,134,66,1247,447.23,447.23,0,0,27
1111787,135,66,1247,446.23,446.23,0,0,13
1471498,136,66,1247,422.95,423.95,0,0,69
1418273,137,66,1247,389.03,389.03,0,0,42
1269638,138,66,1247,387.03,389.03,0,0,69
1145441,139,66,1247,387.03,388.03,0,0,13
1304038,140,66,1247,410.31,411.31,0,0,68
1354508,141,66,1247,447.23,447.23,0,0,53
1042973,142,66,1247,446.23,445.23,0,0,54
1316329,143,66,1247,447.23,447.23,0,0,27
1143665,144,66,1247,445.23,446.23,0,0,13
1147673,145,66,1247,447.23,446.23,0,0,54
